[    1159ms] [WARNING] [DEPRECATED] loadable is deprecated and will be removed in v3. Please use a userland util with the `unwrap` util: https://github.com/pmndrs/jotai/pull/3217 @ https://rapidapi.com/hub/_next/static/chunks/2167-a568226c1bee99d5.js:0
[    1562ms] [WARNING] [LaunchDarkly] The waitForInitialization function was called without a timeout specified. In a future version a default timeout will be applied. @ https://rapidapi.com/hub/_next/static/chunks/5249-d2d9bbd0cc573efa.js:0
[    1585ms] [INFO] [LaunchDarkly] LaunchDarkly client initialized @ https://rapidapi.com/hub/_next/static/chunks/5249-d2d9bbd0cc573efa.js:0
[    1585ms] [INFO] [LaunchDarkly] Opening stream connection to https://clientstream.launchdarkly.com/eval/62824a89e7089d15a6f85aa4/eyJraW5kIjoidXNlciIsImRvbWFpbiI6Imh0dHBzOi8vcmFwaWRhcGkuY29tIiwidGVuYW50VHlwZSI6ImZyZWUiLCJ0ZW5hbnRJRCI6MSwiYW5vbnltb3VzIjp0cnVlLCJrZXkiOiJjODQ4NjkxYi1kMTU3LTQ1NDUtOTFlZS1mOTNjYjE0M2Q5N2QifQ @ https://rapidapi.com/hub/_next/static/chunks/5249-d2d9bbd0cc573efa.js:0
[    1596ms] [WARNING] [LaunchDarkly] The waitForInitialization function was called without a timeout specified. In a future version a default timeout will be applied. @ https://rapidapi.com/hub/_next/static/chunks/5249-d2d9bbd0cc573efa.js:0
[    1641ms] [WARNING] [GSI_LOGGER]: Your client application uses one of the Google One Tap prompt UI status methods that may stop functioning when FedCM becomes mandatory. Refer to the migration guide to update your code accordingly and opt-in to FedCM to test your changes. Learn more: https://developers.google.com/identity/gsi/web/guides/fedcm-migration?s=dc#display_moment and https://developers.google.com/identity/gsi/web/guides/fedcm-migration?s=dc#skipped_moment @ https://accounts.google.com/gsi/client:86
[    1642ms] [ERROR] Not signed in with the identity provider. @ https://rapidapi.com/ntd119/api/flights-sky/pricing:4
[   29039ms] [ERROR] [GSI_LOGGER]: FedCM get() rejects with AbortError: signal is aborted without reason @ https://accounts.google.com/gsi/client:87
[   30053ms] [WARNING] [LaunchDarkly] The waitForInitialization function was called without a timeout specified. In a future version a default timeout will be applied. @ https://rapidapi.com/hub/_next/static/chunks/5249-d2d9bbd0cc573efa.js:0
[   30076ms] [INFO] [LaunchDarkly] LaunchDarkly client initialized @ https://rapidapi.com/hub/_next/static/chunks/5249-d2d9bbd0cc573efa.js:0
[   30076ms] [INFO] [LaunchDarkly] Opening stream connection to https://clientstream.launchdarkly.com/eval/62824a89e7089d15a6f85aa4/eyJraW5kIjoidXNlciIsImRvbWFpbiI6Imh0dHBzOi8vcmFwaWRhcGkuY29tIiwidGVuYW50VHlwZSI6ImZyZWUiLCJ0ZW5hbnRJRCI6MSwiYW5vbnltb3VzIjp0cnVlLCJrZXkiOiJjODQ4NjkxYi1kMTU3LTQ1NDUtOTFlZS1mOTNjYjE0M2Q5N2QifQ @ https://rapidapi.com/hub/_next/static/chunks/5249-d2d9bbd0cc573efa.js:0
[   30086ms] [WARNING] [LaunchDarkly] The waitForInitialization function was called without a timeout specified. In a future version a default timeout will be applied. @ https://rapidapi.com/hub/_next/static/chunks/5249-d2d9bbd0cc573efa.js:0
[   30090ms] [WARNING] [GSI_LOGGER]: Your client application uses one of the Google One Tap prompt UI status methods that may stop functioning when FedCM becomes mandatory. Refer to the migration guide to update your code accordingly and opt-in to FedCM to test your changes. Learn more: https://developers.google.com/identity/gsi/web/guides/fedcm-migration?s=dc#display_moment and https://developers.google.com/identity/gsi/web/guides/fedcm-migration?s=dc#skipped_moment @ https://accounts.google.com/gsi/client:86
[   30110ms] [ERROR] Not signed in with the identity provider. @ https://rapidapi.com/auth/login?referral=%2Fntd119%2Fapi%2Fflights-sky%2Fpricing:0
[   30146ms] [VERBOSE] [DOM] Input elements should have autocomplete attributes (suggested: "current-password"): (More info: https://goo.gl/9p2vKq) %o @ https://rapidapi.com/auth/login?referral=%2Fntd119%2Fapi%2Fflights-sky%2Fpricing:0
[   30225ms] [ERROR] Failed to load resource: the server responded with a status of 404 () @ https://rapidapi.com/terms?_rsc=4Y-bY7Vo7-svw3nW:0
[   30359ms] [WARNING] [DEPRECATED] loadable is deprecated and will be removed in v3. Please use a userland util with the `unwrap` util: https://github.com/pmndrs/jotai/pull/3217 @ https://rapidapi.com/hub/_next/static/chunks/2167-a568226c1bee99d5.js:0
[   30378ms] [ERROR] Failed to load resource: the server responded with a status of 404 () @ https://rapidapi.com/privacy?_rsc=4Y-bY7Vo7-svw3nW:0
[   31244ms] [ERROR] Failed to load resource: net::ERR_CONNECTION_CLOSED @ https://googleads.g.doubleclick.net/pagead/viewthroughconversion/932847351/?random=1788493876590&cv=11&fst=1788493876590&bg=ffffff&guid=ON&async=1&en=gtag.config&gtm=45be6921za200xec&gcd=13r3r3r2r5l1&dma_cps=a&dma=1&tag_exp=115938465~115938468~118897920~118897930~120385422~120469145~120469153&rcb=14&frm=0&gdid=dYWJhMj&hn=www.googleadservices.com&npa=0&pscdl=noapi&auid=2130964742.1788493815&uaa=arm&uab=64&uafvl=Chromium%3B152.0.7977.82%7CNot%253FA_Brand%3B24.0.0.0%7CGoogle%2520Chrome%3B152.0.7977.82&uamb=0&uam=&uap=macOS&uapv=26.6.2&uaw=0&data=event%3Dgtag.config&ept=9&rfmt=3&fmt=4:0
[   32209ms] [ERROR] [GSI_LOGGER]: FedCM get() rejects with AbortError: signal is aborted without reason @ https://accounts.google.com/gsi/client:87
[   85434ms] [INFO] [LaunchDarkly] Closing stream connection @ https://rapidapi.com/hub/_next/static/chunks/5249-d2d9bbd0cc573efa.js:0
[   85434ms] [INFO] [LaunchDarkly] Opening stream connection to https://clientstream.launchdarkly.com/eval/62824a89e7089d15a6f85aa4/eyJraW5kIjoidXNlciIsImRvbWFpbiI6Imh0dHBzOi8vcmFwaWRhcGkuY29tIiwidGVuYW50VHlwZSI6ImZyZWUiLCJ0ZW5hbnRJRCI6MSwia2V5IjoiMzkzNzg5MCIsImVtYWlsIjoiaGVsbG9AbWF1cmljaWFiYWQuY29tIiwibmFtZSI6Ik1hdXJpY2kgQWJhZCBHdXRpZXJyZXoifQ @ https://rapidapi.com/hub/_next/static/chunks/5249-d2d9bbd0cc573efa.js:0
[   85831ms] [WARNING] [DEPRECATED] loadable is deprecated and will be removed in v3. Please use a userland util with the `unwrap` util: https://github.com/pmndrs/jotai/pull/3217 @ https://rapidapi.com/hub/_next/static/chunks/2167-a568226c1bee99d5.js:0
[   86589ms] [WARNING] [LaunchDarkly] The waitForInitialization function was called without a timeout specified. In a future version a default timeout will be applied. @ https://rapidapi.com/hub/_next/static/chunks/5249-d2d9bbd0cc573efa.js:0
[   86603ms] [INFO] [LaunchDarkly] LaunchDarkly client initialized @ https://rapidapi.com/hub/_next/static/chunks/5249-d2d9bbd0cc573efa.js:0
[   86603ms] [INFO] [LaunchDarkly] Opening stream connection to https://clientstream.launchdarkly.com/eval/62824a89e7089d15a6f85aa4/eyJraW5kIjoidXNlciIsImRvbWFpbiI6Imh0dHBzOi8vcmFwaWRhcGkuY29tIiwidGVuYW50VHlwZSI6ImZyZWUiLCJ0ZW5hbnRJRCI6MSwia2V5IjoiMzkzNzg5MCIsImVtYWlsIjoiaGVsbG9AbWF1cmljaWFiYWQuY29tIiwibmFtZSI6Ik1hdXJpY2kgQWJhZCBHdXRpZXJyZXoifQ @ https://rapidapi.com/hub/_next/static/chunks/5249-d2d9bbd0cc573efa.js:0
[   86616ms] [WARNING] [LaunchDarkly] The waitForInitialization function was called without a timeout specified. In a future version a default timeout will be applied. @ https://rapidapi.com/hub/_next/static/chunks/5249-d2d9bbd0cc573efa.js:0
